// Jest Snapshot v1, https://goo.gl/fbAQLP

exports[`<ItemForm /> has a valid snapshot 1`] = `null`;
