// Jest Snapshot v1, https://goo.gl/fbAQLP

exports[`<ToggleableItemForm /> has a valid snapshot 1`] = `null`;
