// Jest Snapshot v1, https://goo.gl/fbAQLP

exports[`<RegistrationForm /> has a valid snapshot with token 1`] = `null`;
