// Jest Snapshot v1, https://goo.gl/fbAQLP

exports[`<ShoppingListDashBoard /> has a valid snapshot 1`] = `null`;
