// Jest Snapshot v1, https://goo.gl/fbAQLP

exports[`<ToggleableShoppingListForm /> has a valid snapshot 1`] = `null`;
