// Jest Snapshot v1, https://goo.gl/fbAQLP

exports[`<ShoppingListForm /> has a valid snapshot 1`] = `null`;
